// Jest Snapshot v1, https://goo.gl/fbAQLP

exports[`Test on TodoListItem component should show correctly 1`] = `
<li
  className="list-group-item"
>
  <p
    className="false"
    onClick={[Function]}
  >
    1
    . 
    Learn Jest
  </p>
  <button
    className="btn btn-sm btn-danger"
    onClick={[Function]}
  >
    Borrar
  </button>
</li>
`;
