// Jest Snapshot v1, https://goo.gl/fbAQLP

exports[`Test on App router should show correctly 1`] = `
Array [
  <nav
    className="navbar navbar-expand-lg navbar-dark bg-dark"
  >
    <span
      class="navbar-text mx-4"
    >
      useContext App
    </span>
    <ul
      className="navbar-nav"
    >
      <li
        className="nav-item"
      >
        <a
          aria-current="page"
          className="nav-link active"
          href="/"
          onClick={[Function]}
        >
          Home
        </a>
      </li>
      <li
        className="nav-item"
      >
        <a
          className="nav-link"
          href="/login"
          onClick={[Function]}
        >
          Log in
        </a>
      </li>
      <li
        className="nav-item"
      >
        <a
          className="nav-link"
          href="/about"
          onClick={[Function]}
        >
          About
        </a>
      </li>
    </ul>
  </nav>,
  <div
    className="container"
  >
    <div>
      <h1>
        Log in
      </h1>
      <hr />
      <pre>
        {
   "name": "Jhon Doe",
   "email": "example@fff.com"
}
      </pre>
    </div>
  </div>,
]
`;
